// Jest Snapshot v1, https://goo.gl/fbAQLP

exports[`PrettyTextFromArray renders correctly 1`] = `"<svg></svg>"`;
